
> portfolio@1.0.0 build
> next build

node.exe : (node:16636) 
[MODULE_TYPELESS_PACKAGE_JSON] Warning: Module 
type of file:///C:/Users/Dhruv/OneDrive/Documents/
GitHub/portfolio/next.config.js is not specified 
and it doesn't parse as CommonJS.
At line:1 char:1
+ & "C:\Program Files\nodejs/node.exe" 
"C:\Program Files\nodejs/node_mo ...
+ ~~~~~~~~~~~~~~~~~~~~~~~~~~~~~~~~~~~~~~~~~~~~~~~~
~~~~~~~~~~~~~~~~~~~~~
    + CategoryInfo          : NotSpecified: 
((node    :16636) [M...se as CommonJS.:String) 
[], Remot    eException
    + FullyQualifiedErrorId : NativeCommandError
 
Reparsing as ES module because module syntax was 
detected. This incurs a performance overhead.
To eliminate this warning, add "type": "module" 
to C:\Users\Dhruv\OneDrive\Documents\GitHub\portfo
lio\package.json.
(Use `node --trace-warnings ...` to show where 
the warning was created)
   Γû▓ Next.js 14.1.2

   Linting and checking validity of types ...
   Creating an optimized production build ...
(node:16668) [MODULE_TYPELESS_PACKAGE_JSON] 
Warning: Module type of file:///C:/Users/Dhruv/One
Drive/Documents/GitHub/portfolio/next.config.js 
is not specified and it doesn't parse as CommonJS.
Reparsing as ES module because module syntax was 
detected. This incurs a performance overhead.
To eliminate this warning, add "type": "module" 
to C:\Users\Dhruv\OneDrive\Documents\GitHub\portfo
lio\package.json.
(Use `node --trace-warnings ...` to show where 
the warning was created)
(node:7372) [MODULE_TYPELESS_PACKAGE_JSON] 
Warning: Module type of file:///C:/Users/Dhruv/One
Drive/Documents/GitHub/portfolio/next.config.js 
is not specified and it doesn't parse as CommonJS.
Reparsing as ES module because module syntax was 
detected. This incurs a performance overhead.
To eliminate this warning, add "type": "module" 
to C:\Users\Dhruv\OneDrive\Documents\GitHub\portfo
lio\package.json.
(Use `node --trace-warnings ...` to show where 
the warning was created)
(node:7760) [MODULE_TYPELESS_PACKAGE_JSON] 
Warning: Module type of file:///C:/Users/Dhruv/One
Drive/Documents/GitHub/portfolio/next.config.js 
is not specified and it doesn't parse as CommonJS.
Reparsing as ES module because module syntax was 
detected. This incurs a performance overhead.
To eliminate this warning, add "type": "module" 
to C:\Users\Dhruv\OneDrive\Documents\GitHub\portfo
lio\package.json.
(Use `node --trace-warnings ...` to show where 
the warning was created)
Failed to compile.

./styles/globals.css.webpack[javascript/auto]!=!./
node_modules/next/dist/build/webpack/loaders/css-l
oader/src/index.js??ruleSet[1].rules[6].oneOf[13].
use[1]!./node_modules/next/dist/build/webpack/load
ers/postcss-loader/src/index.js??ruleSet[1].rules[
6].oneOf[13].use[2]!./styles/globals.css
Error: It looks like you're trying to use 
`tailwindcss` directly as a PostCSS plugin. The 
PostCSS plugin has moved to a separate package, 
so to continue using Tailwind CSS with PostCSS 
you'll need to install `@tailwindcss/postcss` and 
update your PostCSS configuration.
    at at (C:\Users\Dhruv\OneDrive\Documents\GitHu
b\portfolio\node_modules\tailwindcss\dist\lib.js:3
8:1643)
    at LazyResult.runOnRoot (C:\Users\Dhruv\OneDri
ve\Documents\GitHub\portfolio\node_modules\next\no
de_modules\postcss\lib\lazy-result.js:329:16)
    at LazyResult.runAsync (C:\Users\Dhruv\OneDriv
e\Documents\GitHub\portfolio\node_modules\next\nod
e_modules\postcss\lib\lazy-result.js:258:26)
    at LazyResult.async (C:\Users\Dhruv\OneDrive\D
ocuments\GitHub\portfolio\node_modules\next\node_m
odules\postcss\lib\lazy-result.js:160:30)
    at LazyResult.then (C:\Users\Dhruv\OneDrive\Do
cuments\GitHub\portfolio\node_modules\next\node_mo
dules\postcss\lib\lazy-result.js:404:17)

Import trace for requested module:
./styles/globals.css.webpack[javascript/auto]!=!./
node_modules/next/dist/build/webpack/loaders/css-l
oader/src/index.js??ruleSet[1].rules[6].oneOf[13].
use[1]!./node_modules/next/dist/build/webpack/load
ers/postcss-loader/src/index.js??ruleSet[1].rules[
6].oneOf[13].use[2]!./styles/globals.css
./styles/globals.css

./styles/globals.css
Error: It looks like you're trying to use 
`tailwindcss` directly as a PostCSS plugin. The 
PostCSS plugin has moved to a separate package, 
so to continue using Tailwind CSS with PostCSS 
you'll need to install `@tailwindcss/postcss` and 
update your PostCSS configuration.
    at at (C:\Users\Dhruv\OneDrive\Documents\GitHu
b\portfolio\node_modules\tailwindcss\dist\lib.js:3
8:1643)
    at LazyResult.runOnRoot (C:\Users\Dhruv\OneDri
ve\Documents\GitHub\portfolio\node_modules\next\no
de_modules\postcss\lib\lazy-result.js:329:16)
    at LazyResult.runAsync (C:\Users\Dhruv\OneDriv
e\Documents\GitHub\portfolio\node_modules\next\nod
e_modules\postcss\lib\lazy-result.js:258:26)
    at LazyResult.async (C:\Users\Dhruv\OneDrive\D
ocuments\GitHub\portfolio\node_modules\next\node_m
odules\postcss\lib\lazy-result.js:160:30)
    at LazyResult.then (C:\Users\Dhruv\OneDrive\Do
cuments\GitHub\portfolio\node_modules\next\node_mo
dules\postcss\lib\lazy-result.js:404:17)
    at tryRunOrWebpackError (C:\Users\Dhruv\OneDri
ve\Documents\GitHub\portfolio\node_modules\next\di
st\compiled\webpack\bundle5.js:28:311563)
    at __webpack_require_module__ (C:\Users\Dhruv\
OneDrive\Documents\GitHub\portfolio\node_modules\n
ext\dist\compiled\webpack\bundle5.js:28:131195)
    at __nested_webpack_require_153754__ (C:\Users
\Dhruv\OneDrive\Documents\GitHub\portfolio\node_mo
dules\next\dist\compiled\webpack\bundle5.js:28:130
634)
    at C:\Users\Dhruv\OneDrive\Documents\GitHub\po
rtfolio\node_modules\next\dist\compiled\webpack\bu
ndle5.js:28:131487
    at symbolIterator (C:\Users\Dhruv\OneDrive\Doc
uments\GitHub\portfolio\node_modules\next\dist\com
piled\neo-async\async.js:1:14444)
    at done (C:\Users\Dhruv\OneDrive\Documents\Git
Hub\portfolio\node_modules\next\dist\compiled\neo-
async\async.js:1:14824)
    at Hook.eval [as callAsync] (eval at create (C
:\Users\Dhruv\OneDrive\Documents\GitHub\portfolio\
node_modules\next\dist\compiled\webpack\bundle5.js
:13:28867), <anonymous>:15:1)
    at Hook.CALL_ASYNC_DELEGATE [as _callAsync] (C
:\Users\Dhruv\OneDrive\Documents\GitHub\portfolio\
node_modules\next\dist\compiled\webpack\bundle5.js
:13:26021)
    at C:\Users\Dhruv\OneDrive\Documents\GitHub\po
rtfolio\node_modules\next\dist\compiled\webpack\bu
ndle5.js:28:130354
    at symbolIterator (C:\Users\Dhruv\OneDrive\Doc
uments\GitHub\portfolio\node_modules\next\dist\com
piled\neo-async\async.js:1:14402)
-- inner error --
Error: It looks like you're trying to use 
`tailwindcss` directly as a PostCSS plugin. The 
PostCSS plugin has moved to a separate package, 
so to continue using Tailwind CSS with PostCSS 
you'll need to install `@tailwindcss/postcss` and 
update your PostCSS configuration.
    at at (C:\Users\Dhruv\OneDrive\Documents\GitHu
b\portfolio\node_modules\tailwindcss\dist\lib.js:3
8:1643)
    at LazyResult.runOnRoot (C:\Users\Dhruv\OneDri
ve\Documents\GitHub\portfolio\node_modules\next\no
de_modules\postcss\lib\lazy-result.js:329:16)
    at LazyResult.runAsync (C:\Users\Dhruv\OneDriv
e\Documents\GitHub\portfolio\node_modules\next\nod
e_modules\postcss\lib\lazy-result.js:258:26)
    at LazyResult.async (C:\Users\Dhruv\OneDrive\D
ocuments\GitHub\portfolio\node_modules\next\node_m
odules\postcss\lib\lazy-result.js:160:30)
    at LazyResult.then (C:\Users\Dhruv\OneDrive\Do
cuments\GitHub\portfolio\node_modules\next\node_mo
dules\postcss\lib\lazy-result.js:404:17)
    at Object.<anonymous> (C:\Users\Dhruv\OneDrive
\Documents\GitHub\portfolio\node_modules\next\dist
\build\webpack\loaders\css-loader\src\index.js??ru
leSet[1].rules[6].oneOf[13].use[1]!C:\Users\Dhruv\
OneDrive\Documents\GitHub\portfolio\node_modules\n
ext\dist\build\webpack\loaders\postcss-loader\src\
index.js??ruleSet[1].rules[6].oneOf[13].use[2]!C:\
Users\Dhruv\OneDrive\Documents\GitHub\portfolio\st
yles\globals.css:1:7)
    at C:\Users\Dhruv\OneDrive\Documents\GitHub\po
rtfolio\node_modules\next\dist\compiled\webpack\bu
ndle5.js:28:915116
    at Hook.eval [as call] (eval at create (C:\Use
rs\Dhruv\OneDrive\Documents\GitHub\portfolio\node_
modules\next\dist\compiled\webpack\bundle5.js:13:2
8645), <anonymous>:7:1)
    at Hook.CALL_DELEGATE [as _call] (C:\Users\Dhr
uv\OneDrive\Documents\GitHub\portfolio\node_module
s\next\dist\compiled\webpack\bundle5.js:13:25915)
    at C:\Users\Dhruv\OneDrive\Documents\GitHub\po
rtfolio\node_modules\next\dist\compiled\webpack\bu
ndle5.js:28:131228
    at tryRunOrWebpackError (C:\Users\Dhruv\OneDri
ve\Documents\GitHub\portfolio\node_modules\next\di
st\compiled\webpack\bundle5.js:28:311517)
    at __webpack_require_module__ (C:\Users\Dhruv\
OneDrive\Documents\GitHub\portfolio\node_modules\n
ext\dist\compiled\webpack\bundle5.js:28:131195)
    at __nested_webpack_require_153754__ (C:\Users
\Dhruv\OneDrive\Documents\GitHub\portfolio\node_mo
dules\next\dist\compiled\webpack\bundle5.js:28:130
634)
    at C:\Users\Dhruv\OneDrive\Documents\GitHub\po
rtfolio\node_modules\next\dist\compiled\webpack\bu
ndle5.js:28:131487
    at symbolIterator (C:\Users\Dhruv\OneDrive\Doc
uments\GitHub\portfolio\node_modules\next\dist\com
piled\neo-async\async.js:1:14444)

Generated code for C:\Users\Dhruv\OneDrive\Documen
ts\GitHub\portfolio\node_modules\next\dist\build\w
ebpack\loaders\css-loader\src\index.js??ruleSet[1]
.rules[6].oneOf[13].use[1]!C:\Users\Dhruv\OneDrive
\Documents\GitHub\portfolio\node_modules\next\dist
\build\webpack\loaders\postcss-loader\src\index.js
??ruleSet[1].rules[6].oneOf[13].use[2]!C:\Users\Dh
ruv\OneDrive\Documents\GitHub\portfolio\styles\glo
bals.css

Import trace for requested module:
./styles/globals.css


> Build failed because of webpack errors
